// Jest Snapshot v1, https://goo.gl/fbAQLP

exports[`render cart dropdown component 1`] = `ShallowWrapper {}`;
