// Jest Snapshot v1, https://goo.gl/fbAQLP

exports[`test custom buttom component 1`] = `ShallowWrapper {}`;
